// Jest Snapshot v1, https://goo.gl/fbAQLP

exports[`Button component should have the right Button component snapshot 1`] = `
<button
  className="btn-"
/>
`;
