// Jest Snapshot v1, https://goo.gl/fbAQLP

exports[`Footer Component should have the right footer component snapshot 1`] = `
<footer>
  <div
    className="footer"
    data-testid="footer-text"
  >
    Copyright Â© 2011-2018 Sabka Bazaar Grocery Supplies Pvt. Ltd.
  </div>
</footer>
`;
