// Jest Snapshot v1, https://goo.gl/fbAQLP

exports[`Image component should have the right Image component snapshot 1`] = `
<img
  data-testid="image"
/>
`;
